[test_rosout] FIND LOG ERR
[test_rosout] FIND LOG ERR