[test_dfs] mode:0 level:0
[test_dfs] move to (0,0)
[test_dfs] move to (1,0)
[test_dfs] move to (2,0)
[test_dfs] move to (3,0)
[test_dfs] move to (3,1)
[test_dfs] move to (3,2)
[test_dfs] move to (3,3)
[test_dfs] move to (2,3)
[test_dfs] move to (1,3)
[test_dfs] move to (0,3)
[test_dfs] move to (0,2)
[test_dfs] move to (0,1)
[test_dfs] move to (1,1)
[test_dfs] move to (2,1)
[test_dfs] move to (2,2)
[test_dfs] move to (1,2)
[test_dfs] try to go back...
[test_dfs] move to (1,2)
[test_dfs] try to go back...
[test_dfs] move to (2,2)
[test_dfs] try to go back...
[test_dfs] move to (2,1)
[test_dfs] try to go back...
[test_dfs] move to (1,1)
[test_dfs] try to go back...
[test_dfs] move to (0,1)
[test_dfs] try to go back...
[test_dfs] move to (0,2)
[test_dfs] try to go back...
[test_dfs] move to (0,3)
[test_dfs] try to go back...
[test_dfs] move to (1,3)
[test_dfs] try to go back...
[test_dfs] move to (2,3)
[test_dfs] try to go back...
[test_dfs] move to (3,3)
[test_dfs] try to go back...
[test_dfs] move to (3,2)
[test_dfs] try to go back...
[test_dfs] move to (3,1)
[test_dfs] try to go back...
[test_dfs] move to (3,0)
[test_dfs] try to go back...
[test_dfs] move to (2,0)
[test_dfs] try to go back...
[test_dfs] move to (1,0)
[test_dfs] try to go back...
[test_dfs] move to (0,0)
[test_dfs] mode:1 level:0
[test_dfs] move to (0,0)
[test_dfs] move to (1,0)
[test_dfs] move to (2,0)
[test_dfs] move to (3,0)
[test_dfs] move to (3,1)
[test_dfs] move to (2,1)
[test_dfs] move to (1,1)
[test_dfs] move to (0,1)
[test_dfs] move to (0,2)
[test_dfs] move to (1,2)
[test_dfs] move to (2,2)
[test_dfs] move to (3,2)
[test_dfs] move to (3,3)
[test_dfs] move to (2,3)
[test_dfs] move to (1,3)
[test_dfs] move to (0,3)
[test_dfs] try to go back...
[test_dfs] move to (0,3)
[test_dfs] try to go back...
[test_dfs] move to (1,3)
[test_dfs] try to go back...
[test_dfs] move to (2,3)
[test_dfs] try to go back...
[test_dfs] move to (3,3)
[test_dfs] try to go back...
[test_dfs] move to (3,2)
[test_dfs] try to go back...
[test_dfs] move to (2,2)
[test_dfs] try to go back...
[test_dfs] move to (1,2)
[test_dfs] try to go back...
[test_dfs] move to (0,2)
[test_dfs] try to go back...
[test_dfs] move to (0,1)
[test_dfs] try to go back...
[test_dfs] move to (1,1)
[test_dfs] try to go back...
[test_dfs] move to (2,1)
[test_dfs] try to go back...
[test_dfs] move to (3,1)
[test_dfs] try to go back...
[test_dfs] move to (3,0)
[test_dfs] try to go back...
[test_dfs] move to (2,0)
[test_dfs] try to go back...
[test_dfs] move to (1,0)
[test_dfs] try to go back...
[test_dfs] move to (0,0)
[test_dfs] mode:1 level:3
[test_dfs] move to (0,0)
[test_dfs] move to (1,0)
[test_dfs] move to (0,0)
[test_dfs] move to (1,0)
[test_dfs] move to (0,0)
[test_dfs] move to (1,0)
[test_dfs] move to (0,0)
[test_dfs] move to (1,0)
[test_dfs] move to (2,0)
[test_dfs] move to (1,0)
[test_dfs] move to (2,0)
[test_dfs] move to (1,0)
[test_dfs] move to (2,0)
[test_dfs] move to (1,0)
[test_dfs] move to (2,0)
[test_dfs] move to (3,0)
[test_dfs] move to (2,0)
[test_dfs] move to (3,0)
[test_dfs] move to (2,0)
[test_dfs] move to (3,0)
[test_dfs] move to (2,0)
[test_dfs] move to (3,0)
[test_dfs] move to (3,1)
[test_dfs] move to (3,0)
[test_dfs] move to (3,1)
[test_dfs] move to (3,0)
[test_dfs] move to (3,1)
[test_dfs] move to (3,0)
[test_dfs] move to (3,1)
[test_dfs] move to (2,1)
[test_dfs] move to (3,1)
[test_dfs] move to (2,1)
[test_dfs] move to (3,1)
[test_dfs] move to (2,1)
[test_dfs] move to (3,1)
[test_dfs] move to (2,1)
[test_dfs] move to (1,1)
[test_dfs] move to (2,1)
[test_dfs] move to (1,1)
[test_dfs] move to (2,1)
[test_dfs] move to (1,1)
[test_dfs] move to (2,1)
[test_dfs] move to (1,1)
[test_dfs] move to (0,1)
[test_dfs] move to (1,1)
[test_dfs] move to (0,1)
[test_dfs] move to (1,1)
[test_dfs] move to (0,1)
[test_dfs] move to (1,1)
[test_dfs] move to (0,1)
[test_dfs] move to (0,2)
[test_dfs] move to (0,1)
[test_dfs] move to (0,2)
[test_dfs] move to (0,1)
[test_dfs] move to (0,2)
[test_dfs] move to (0,1)
[test_dfs] move to (0,2)
[test_dfs] move to (1,2)
[test_dfs] move to (0,2)
[test_dfs] move to (1,2)
[test_dfs] move to (0,2)
[test_dfs] move to (1,2)
[test_dfs] move to (0,2)
[test_dfs] move to (1,2)
[test_dfs] move to (2,2)
[test_dfs] move to (1,2)
[test_dfs] move to (2,2)
[test_dfs] move to (1,2)
[test_dfs] move to (2,2)
[test_dfs] move to (1,2)
[test_dfs] move to (2,2)
[test_dfs] move to (3,2)
[test_dfs] move to (2,2)
[test_dfs] move to (3,2)
[test_dfs] move to (2,2)
[test_dfs] move to (3,2)
[test_dfs] move to (2,2)
[test_dfs] move to (3,2)
[test_dfs] move to (3,3)
[test_dfs] move to (3,2)
[test_dfs] move to (3,3)
[test_dfs] move to (3,2)
[test_dfs] move to (3,3)
[test_dfs] move to (3,2)
[test_dfs] move to (3,3)
[test_dfs] move to (2,3)
[test_dfs] move to (3,3)
[test_dfs] move to (2,3)
[test_dfs] move to (3,3)
[test_dfs] move to (2,3)
[test_dfs] move to (3,3)
[test_dfs] move to (2,3)
[test_dfs] move to (1,3)
[test_dfs] move to (2,3)
[test_dfs] move to (1,3)
[test_dfs] move to (2,3)
[test_dfs] move to (1,3)
[test_dfs] move to (2,3)
[test_dfs] move to (1,3)
[test_dfs] move to (0,3)
[test_dfs] move to (1,3)
[test_dfs] move to (0,3)
[test_dfs] move to (1,3)
[test_dfs] move to (0,3)
[test_dfs] move to (1,3)
[test_dfs] move to (0,3)
[test_dfs] try to go back...
[test_dfs] move to (0,3)
[test_dfs] try to go back...
[test_dfs] move to (1,3)
[test_dfs] try to go back...
[test_dfs] move to (2,3)
[test_dfs] try to go back...
[test_dfs] move to (3,3)
[test_dfs] try to go back...
[test_dfs] move to (3,2)
[test_dfs] try to go back...
[test_dfs] move to (2,2)
[test_dfs] try to go back...
[test_dfs] move to (1,2)
[test_dfs] try to go back...
[test_dfs] move to (0,2)
[test_dfs] try to go back...
[test_dfs] move to (0,1)
[test_dfs] try to go back...
[test_dfs] move to (1,1)
[test_dfs] try to go back...
[test_dfs] move to (2,1)
[test_dfs] try to go back...
[test_dfs] move to (3,1)
[test_dfs] try to go back...
[test_dfs] move to (3,0)
[test_dfs] try to go back...
[test_dfs] move to (2,0)
[test_dfs] try to go back...
[test_dfs] move to (1,0)
[test_dfs] try to go back...
[test_dfs] move to (0,0)
